[zeekraa.com/demos/Malek-Fayrozz/index.html]
[backblue.gif]
[fade.gif]
[index.html]
[zeekraa.com/demos/Malek-Fayrozz/assets/preview.jpg]
[cdnjs.cloudflare.com/ajax/libs/font-awesome/6.5.1/css/all.min.css]
[zeekraa.com/demos/Malek-Fayrozz/index-2.html]
[zeekraa.com/demos/Malek-Fayrozz/styles.css]
[zeekraa.com/demos/Malek-Fayrozz/assets/preloader.mp4]
[zeekraa.com/demos/Malek-Fayrozz/assets/1234.mp4]
[zeekraa.com/demos/Malek-Fayrozz/assets/divider.jpg]
[zeekraa.com/demos/Malek-Fayrozz/assets/ChatGPT Image May 26, 2026, 03_13_19 AM.png]
[zeekraa.com/demos/Malek-Fayrozz/assets/venue-sketch.png]
[zeekraa.com/demos/Malek-Fayrozz/assets/12345.png]
[zeekraa.com/demos/Malek-Fayrozz/assets/corner2.jpg]
[zeekraa.com/demos/Malek-Fayrozz/assets/Ø­Ø³ÙÙ Ø§ÙØ¬Ø³ÙÙ  - Ø¥Ø¯Ø®ÙÙ Ø¹ÙØ±Ù  2021  Hussain Al Jassmi - Edkhely Omri (mp3cut.net).b.delayed]
[zeekraa.com/demos/Malek-Fayrozz/index.html]
[zeekraa.com/demos/Malek-Fayrozz/script.js]
[zeekraa.com/demos/Malek-Fayrozz/index-2.html]
[cdnjs.cloudflare.com/ajax/libs/font-awesome/6.5.1/css/all.min.css]
[zeekraa.com/demos/Malek-Fayrozz/styles.css]
[zeekraa.com/demos/Malek-Fayrozz/assets/italianno/Italianno-Regular.ttf]
[zeekraa.com/demos/Malek-Fayrozz/assets/Ø­Ø³ÙÙ Ø§ÙØ¬Ø³ÙÙ  - Ø¥Ø¯Ø®ÙÙ Ø¹ÙØ±Ù  2021  Hussain Al Jassmi - Edkhely Omri (mp3cut.net).html]
[zeekraa.com/demos/Malek-Fayrozz/script.js]
